position=0 number=1 active=true lines=29 leftMargin=40.0 rightMargin=20.0
position=1 number=2 active=true lines=29 leftMargin=40.0 rightMargin=20.0
position=2 number=3 active=true lines=29 leftMargin=40.0 rightMargin=20.0
position=3 number=4 active=true lines=29 leftMargin=40.0 rightMargin=20.0
position=4 number=5 active=true lines=4 leftMargin=40.0 rightMargin=20.0
